1. Multiple suites - New building! - 125 columbia street, New Westminister
http://www.rew.ca/properties/V1120186/904-125-columbia-street-new-westminster?utm_campaign=propertyalert&utm_medium=email&utm_source=propertyalert

2. 3505-898 Carnarvon Street, New Westminster, BC, V3M 0C3
http://www.rew.ca/properties/V1117066/3505-898-carnarvon-street-new-westminster?page=2&property_search=320755437

3. 3009-892 Carnarvon Street, New Westminster, BC, V3M 0C5
http://www.rew.ca/properties/V1115026/3009-892-carnarvon-street-new-westminster

